// Jest Snapshot v1, https://goo.gl/fbAQLP

exports[`diff-snapshot diffImageToSnapshot should merge custom configuration with default configuration if custom config is passed 1`] = `
Object {
  "foo": "bar",
  "threshold": 0.1,
}
`;

exports[`diff-snapshot diffImageToSnapshot should take the default diff config 1`] = `
Object {
  "threshold": 0.01,
}
`;

exports[`diff-snapshot diffImageToSnapshot should throw an error if an unknown threshold type is supplied 1`] = `"Unknown failureThresholdType: banana. Valid options are \\"pixel\\" or \\"percent\\"."`;

exports[`diff-snapshot diffImageToSnapshot should throw an error if snapshot not exists and environment is CI 1`] = `"Snapshot on /path/to/snapshots/id1-snap.png path do not exist. Run tests gain on non-ci environment to create it"`;
